// Jest Snapshot v1, https://goo.gl/fbAQLP

exports[`Test <LoginPageInner /> should render 1`] = `
<div
  className="login"
>
  <div
    className="login-header"
  >
    login your account
  </div>
  <WithFormik(LoginInnerForm)
    isLoading={false}
    loginUser={[MockFunction]}
  />
</div>
`;

exports[`Test <LoginPageInner /> should render with required props 1`] = `
<div
  className="login"
>
  <div
    className="login-header"
  >
    login your account
  </div>
  <WithFormik(LoginInnerForm)
    isLoading={false}
    loginUser={[MockFunction]}
  />
</div>
`;
