// Jest Snapshot v1, https://goo.gl/fbAQLP

exports[`Test <CustomModal /> should render 1`] = `
<Modal
  autoFocus={true}
  backdrop={true}
  backdropTransition={
    Object {
      "mountOnEnter": true,
      "timeout": 150,
    }
  }
  centered={true}
  className="custom-modal"
  container="body"
  fade={true}
  isOpen={false}
  keyboard={true}
  modalTransition={
    Object {
      "timeout": 300,
    }
  }
  onClosed={[Function]}
  onOpened={[Function]}
  returnFocusAfterClose={true}
  role="dialog"
  scrollable={false}
  toggle={[MockFunction]}
  unmountOnClose={true}
  zIndex={1050}
>
  <ModalHeader
    charCode={215}
    className="custom-modal__header"
    closeAriaLabel="Close"
    tag="h5"
    toggle={[MockFunction]}
    wrapTag="div"
  >
    <div
      className="custom-modal__header__title"
    >
      Upload image
    </div>
  </ModalHeader>
  <ModalBody
    className="custom-modal__body"
    tag="div"
  >
    <div
      className="custom-modal__body__container"
    >
      <MyDropzone
        isActive={null}
        parentCallback={[Function]}
      />
    </div>
  </ModalBody>
</Modal>
`;
